#-----------------------------------------------------------
# Vivado v2025.2 (64-bit)
# SW Build 6299465 on Fri Nov 14 19:35:11 GMT 2025
# IP Build 6300035 on Fri Nov 14 10:48:45 MST 2025
# SharedData Build 6298862 on Thu Nov 13 04:50:51 MST 2025
# Start of session at: Sun Apr  5 19:49:59 2026
# Process ID         : 24596
# Current directory  : E:/集创赛资源/数字孪生平台工程模板/digital_twin2026年初赛模板V1.0/digital_twin
# Command line       : vivado.exe -gui_launcher_event rodinguilauncherevent3180 E:\集创赛资源\数字孪生平台工程模板\digital_twin2026年初赛模板V1.0\digital_twin\digital_twin.xpr
# Log file           : E:/集创赛资源/数字孪生平台工程模板/digital_twin2026年初赛模板V1.0/digital_twin/vivado.log
# Journal file       : E:/集创赛资源/数字孪生平台工程模板/digital_twin2026年初赛模板V1.0/digital_twin\vivado.jou
# Running On         : ZHOU-1
# Platform           : Windows Server 2016 or Windows 10
# Operating System   : 26200
# Processor Detail   : 11th Gen Intel(R) Core(TM) i5-11260H @ 2.60GHz
# CPU Frequency      : 2611 MHz
# CPU Physical cores : 6
# CPU Logical cores  : 12
# Host memory        : 16893 MB
# Swap memory        : 16874 MB
# Total Virtual      : 33767 MB
# Available Virtual  : 11451 MB
#-----------------------------------------------------------
start_gui
open_project E:/集创赛资源/数字孪生平台工程模板/digital_twin2026年初赛模板V1.0/digital_twin/digital_twin.xpr
update_compile_order -fileset sources_1
update_compile_order -fileset sim_1
